// Jest Snapshot v1, https://goo.gl/fbAQLP

exports[`CurrencyDashboard.vue should match current snapshot 1`] = `
<div class="dashboard">
  <h1>Currency Converter</h1>
  <div class="card">
    <currencyheader-stub></currencyheader-stub>
  </div>
</div>
`;
